// Jest Snapshot v1, https://goo.gl/fbAQLP

exports[`Countries renders correctly 1`] = `
Array [
  <div
    className="map container"
  >
    <div
      className="row"
    >
      <div
        className="col-6"
      >
        <div
          className="europe-image"
        >
          <img
            alt="map_of_europe"
            src="images.png"
          />
        </div>
      </div>
      <div
        className="right-map-column col-6"
        style={
          Object {
            "color": "#fff",
            "zIndex": "1",
          }
        }
      >
        <h3
          style={
            Object {
              "paddingTop": "35px",
            }
          }
        >
          EUROPEAN COUNTRIES
        </h3>
      </div>
    </div>
  </div>,
  <div
    className="grid-container container"
  />,
]
`;
